{"level":"info","ts":1633605979.399526,"msg":"Success! Response code: 200"}
{"level":"info","ts":1633605979.399647,"msg":"Success! clientip: ::1"}
